{ TERM_SESSION_ID: 'w0t0p0:87A0B8E2-550B-4591-B173-938A00B777E6',
  SSH_AUTH_SOCK: '/private/tmp/com.apple.launchd.gWjedsgemY/Listeners',
  Apple_PubSub_Socket_Render: '/private/tmp/com.apple.launchd.ZBC5Qok9rR/Render',
  COLORFGBG: '12;8',
  ITERM_PROFILE: 'Default',
  XPC_FLAGS: '0x0',
  LANG: 'en_US.UTF-8',
  PWD: '/Users/andrewdufour/Development/hab-projects/awesome-accounts',
  SHELL: '/bin/zsh',
  TERM_PROGRAM_VERSION: '3.1.6',
  TERM_PROGRAM: 'iTerm.app',
  PATH: '/Users/andrewdufour/.rvm/gems/ruby-2.4.1/bin:/Users/andrewdufour/.rvm/gems/ruby-2.4.1@global/bin:/Users/andrewdufour/.rvm/rubies/ruby-2.4.1/bin:/opt/hab:/opt/terraform:/usr/local/bin:/usr/bin:/bin:/usr/sbin:/sbin:/usr/local/git/bin:/Users/andrewdufour/.rvm/bin',
  DISPLAY: '/private/tmp/com.apple.launchd.BQSGLb64Af/org.macosforge.xquartz:0',
  COLORTERM: 'truecolor',
  TERM: 'xterm-256color',
  HOME: '/Users/andrewdufour',
  TMPDIR: '/var/folders/gc/jn9x94z927qdkh41q9p11xl00000gn/T/',
  USER: 'andrewdufour',
  XPC_SERVICE_NAME: '0',
  LOGNAME: 'andrewdufour',
  __CF_USER_TEXT_ENCODING: '0x1F5:0x0:0x0',
  ITERM_SESSION_ID: 'w0t0p0:87A0B8E2-550B-4591-B173-938A00B777E6',
  SHLVL: '1',
  OLDPWD: '/Users/andrewdufour/Development/hab-projects/awesome-accounts/docker',
  ZSH: '/Users/andrewdufour/.oh-my-zsh',
  PAGER: 'less',
  LESS: '-R',
  LSCOLORS: 'Gxfxcxdxbxegedabagacad',
  LC_CTYPE: 'en_US.UTF-8',
  EC2_SSH_KEY_NAME: 'adufour2',
  EC2_SSH_KEY_PATH: '/Users/andrewdufour/.ssh/adufour.pem',
  rvm_prefix: '/Users/andrewdufour',
  rvm_path: '/Users/andrewdufour/.rvm',
  rvm_bin_path: '/Users/andrewdufour/.rvm/bin',
  _system_type: 'Darwin',
  _system_name: 'OSX',
  _system_version: '10.11',
  _system_arch: 'x86_64',
  rvm_version: '1.29.3 (latest)',
  GEM_HOME: '/Users/andrewdufour/.rvm/gems/ruby-2.4.1',
  GEM_PATH: '/Users/andrewdufour/.rvm/gems/ruby-2.4.1:/Users/andrewdufour/.rvm/gems/ruby-2.4.1@global',
  MY_RUBY_HOME: '/Users/andrewdufour/.rvm/rubies/ruby-2.4.1',
  IRBRC: '/Users/andrewdufour/.rvm/rubies/ruby-2.4.1/.irbrc',
  RUBY_VERSION: 'ruby-2.4.1',
  rvm_alias_expanded: '',
  rvm_bin_flag: '',
  rvm_docs_type: '',
  rvm_gemstone_package_file: '',
  rvm_gemstone_url: '',
  rvm_niceness: '',
  rvm_nightly_flag: '',
  rvm_only_path_flag: '',
  rvm_pretty_print_flag: '',
  rvm_proxy: '',
  rvm_quiet_flag: '',
  rvm_ruby_bits: '',
  rvm_ruby_file: '',
  rvm_ruby_make: '',
  rvm_ruby_make_install: '',
  rvm_ruby_mode: '',
  rvm_script_name: '',
  rvm_sdk: '',
  rvm_silent_flag: '',
  rvm_use_flag: '',
  rvm_wrapper_name: '',
  rvm_hook: '',
  _: '/usr/local/bin/node' }